[Licensing::Module] Trying to connect to existing licensing client channel...
Built from '6000.0/staging' branch; Version is '6000.0.74f1 (7685f01dc6be) revision 7767536'; Using compiler version '193933523'; Build Type 'Release'
OS: 'Windows 11  (10.0.26200) Core' Language: 'en' Physical Memory: 32693 MB
BatchMode: 1, IsHumanControllingUs: 0, StartBugReporterOnCrash: 0, Is64bit: 1
[Licensing::IpcConnector] Successfully connected to: "LicenseClient-faust" at "2026-07-27T21:17:08.2543221Z"
System  architecture: x64
Process architecture: x64
Date: 2026-07-27T21:17:08Z

COMMAND LINE ARGUMENTS:
C:\Program Files\Unity\Hub\Editor\6000.0.74f1\Editor\Unity.exe
-batchmode
-nographics
-quit
-projectPath
c:/Users/faust/Desktop/Game dev/Projects/Augmentra
-executeMethod
AutomatedBuildRunner.RunAll
-logFile
c:/Users/faust/Desktop/Game dev/Projects/Augmentra/unity_batch.log
Successfully changed project path to: c:/Users/faust/Desktop/Game dev/Projects/Augmentra
C:/Users/faust/Desktop/Game dev/Projects/Augmentra
[UnityMemory] Configuration Parameters - Can be set up in boot.config
    "memorysetup-bucket-allocator-granularity=16"
    "memorysetup-bucket-allocator-bucket-count=8"
    "memorysetup-bucket-allocator-block-size=33554432"
    "memorysetup-bucket-allocator-block-count=8"
    "memorysetup-main-allocator-block-size=16777216"
    "memorysetup-thread-allocator-block-size=16777216"
    "memorysetup-gfx-main-allocator-block-size=16777216"
    "memorysetup-gfx-thread-allocator-block-size=16777216"
    "memorysetup-cache-allocator-block-size=4194304"
    "memorysetup-typetree-allocator-block-size=2097152"
    "memorysetup-profiler-bucket-allocator-granularity=16"
    "memorysetup-profiler-bucket-allocator-bucket-count=8"
    "memorysetup-profiler-bucket-allocator-block-size=33554432"
    "memorysetup-profiler-bucket-allocator-block-count=8"
    "memorysetup-profiler-allocator-block-size=16777216"
    "memorysetup-profiler-editor-allocator-block-size=1048576"
    "memorysetup-temp-allocator-size-main=16777216"
    "memorysetup-job-temp-allocator-block-size=2097152"
    "memorysetup-job-temp-allocator-block-size-background=1048576"
    "memorysetup-job-temp-allocator-reduction-small-platforms=262144"
    "memorysetup-allocator-temp-initial-block-size-main=262144"
    "memorysetup-allocator-temp-initial-block-size-worker=262144"
    "memorysetup-temp-allocator-size-background-worker=32768"
    "memorysetup-temp-allocator-size-job-worker=262144"
    "memorysetup-temp-allocator-size-preload-manager=33554432"
    "memorysetup-temp-allocator-size-nav-mesh-worker=65536"
    "memorysetup-temp-allocator-size-audio-worker=65536"
    "memorysetup-temp-allocator-size-cloud-worker=32768"
    "memorysetup-temp-allocator-size-gi-baking-worker=262144"
    "memorysetup-temp-allocator-size-gi-baking-worker=262144"
    "memorysetup-temp-allocator-size-gi-baking-worker=262144"
    "memorysetup-temp-allocator-size-gi-baking-worker=262144"
    "memorysetup-temp-allocator-size-gi-baking-worker=262144"
    "memorysetup-temp-allocator-size-gfx=262144"
Player connection [19084]  Target information:

Player connection [19084]  * "[IP] 192.168.0.165 [Port] 55504 [Flags] 2 [Guid] 2201110105 [EditorId] 2201110105 [Version] 1048832 [Id] WindowsEditor(7,Finsk) [Debug] 1 [PackageName] WindowsEditor [ProjectName] Editor" 

Player connection [19084] Host joined multi-casting on [225.0.0.222:54997]...
Player connection [19084] Host joined alternative multi-casting on [225.0.0.222:34997]...
Input System module state changed to: Initialized.
[Physics::Module] Initialized fallback backend.
[Physics::Module] Id: 0xdecafbad
[Licensing::Client] Code 10 while verifying Licensing Client signature (process Id: 4976, path: "C:/Program Files/Unity/Hub/Editor/6000.4.5f1/Editor/Data/Resources/Licensing/Client/Unity.Licensing.Client.exe")
[Licensing::Module] LicensingClient has failed validation; ignoring
[Licensing::Client] Handshaking with LicensingClient:
  Version:                 1.18.1+9fbee8e
  Session Id:              382ed679ce9a475ca5a20a7600b368eb
  Correlation Id:          2bc01ed202636e4533770437b65333a6
  External correlation Id: 9218693429647635199
  Machine Id:              7/BeK8un5snFHXp6h+rKzv6TIcA=
[Licensing::Module] Successfully connected to LicensingClient on channel: "LicenseClient-faust" (connect: 0.00s, validation: 0.00s, handshake: 0.04s)
[Licensing::IpcConnector] Successfully connected to: "LicenseClient-faust-notifications" at "2026-07-27T21:17:08.2914746Z"
[Licensing::Module] Error: Access token is unavailable; failed to update
[Licensing::Client] Successfully resolved entitlement details
[Licensing::Module] License group:
  Id: 5773873615729-UnityPersXXXX
  Product: Unity Personal
  Type: Assigned
  Expiration: Unlimited
[Licensing::Client] Successfully updated license, isAsync: True, time: 0.00
[Licensing::Client] Successfully resolved entitlement details
[Licensing::Module] Licensing Background thread has ended after 0.04s
[Package Manager] Connected to IPC stream "Upm-19932" after 0.3 seconds.
Library Redirect Path: Library/
[Physics::Module] Selected backend.
[Physics::Module] Name: PhysX
[Physics::Module] Id: 0xf2b8ea05
[Physics::Module] SDK Version: 4.1.2
[Physics::Module] Integration Version: 1.0.0
[Physics::Module] Threading Mode: Multi-Threaded
Refreshing native plugins compatible for Editor in 0.48 ms, found 0 plugins.
Preloading 0 native plugins for Editor in 0.00 ms.
Initialize engine version: 6000.0.74f1 (7685f01dc6be)
[Subsystems] Discovering subsystems at path C:/Program Files/Unity/Hub/Editor/6000.0.74f1/Editor/Data/Resources/UnitySubsystems
[Subsystems] Discovering subsystems at path C:/Users/faust/Desktop/Game dev/Projects/Augmentra/Assets
Forcing GfxDevice: Null
GfxDevice: creating device client; kGfxThreadingModeNonThreaded
NullGfxDevice:
    Version:  NULL 1.0 [1.0]
    Renderer: Null Device
    Vendor:   Unity Technologies
Shader Hidden/ProbeVolume/VoxelizeScene is not supported: GPU does not support conservative rasterization
Initialize mono
Mono path[0] = 'C:/Program Files/Unity/Hub/Editor/6000.0.74f1/Editor/Data/Managed'
Mono path[1] = 'C:/Program Files/Unity/Hub/Editor/6000.0.74f1/Editor/Data/MonoBleedingEdge/lib/mono/unityjit-win32'
Mono config path = 'C:/Program Files/Unity/Hub/Editor/6000.0.74f1/Editor/Data/MonoBleedingEdge/etc'
Using monoOptions --debugger-agent=transport=dt_socket,embedding=1,server=y,suspend=n,address=127.0.0.1:56932
Using cacheserver namespaces - metadata:defaultmetadata, artifacts:defaultartifacts
Using cacheserver namespaces - metadata:defaultmetadata, artifacts:defaultartifacts
ImportWorker Server TCP listen port: 0
AcceleratorClientConnectionCallback - disconnected - :0
Begin MonoManager ReloadAssembly
Registering precompiled unity dll's ...
Register platform support module: C:/Program Files/Unity/Hub/Editor/6000.0.74f1/Editor/Data/PlaybackEngines/WindowsStandaloneSupport/UnityEditor.WindowsStandalone.Extensions.dll
Registered in 0.003357 seconds.
- Loaded All Assemblies, in  0.342 seconds
Native extension for WindowsStandalone target not found
Package Manager log level set to [2]
Mono: successfully reloaded assembly
- Finished resetting the current domain, in  0.348 seconds
Domain Reload Profiling: 687ms
	BeginReloadAssembly (107ms)
		ExecutionOrderSort (0ms)
		DisableScriptedObjects (0ms)
		BackupInstance (0ms)
		ReleaseScriptingObjects (0ms)
		CreateAndSetChildDomain (1ms)
	RebuildCommonClasses (33ms)
	RebuildNativeTypeToScriptingClass (9ms)
	initialDomainReloadingComplete (44ms)
	LoadAllAssembliesAndSetupDomain (146ms)
		LoadAssemblies (104ms)
		RebuildTransferFunctionScriptingTraits (0ms)
		AnalyzeDomain (143ms)
			TypeCache.Refresh (141ms)
				TypeCache.ScanAssembly (127ms)
			BuildScriptInfoCaches (0ms)
			ResolveRequiredComponents (1ms)
	FinalizeReload (348ms)
		ReleaseScriptCaches (0ms)
		RebuildScriptCaches (0ms)
		SetupLoadedEditorAssemblies (307ms)
			LogAssemblyErrors (0ms)
			InitializePlatformSupportModulesInManaged (20ms)
			SetLoadedEditorAssemblies (4ms)
			BeforeProcessingInitializeOnLoad (59ms)
			ProcessInitializeOnLoadAttributes (166ms)
			ProcessInitializeOnLoadMethodAttributes (58ms)
			AfterProcessingInitializeOnLoad (0ms)
			EditorAssembliesLoaded (0ms)
		ExecutionOrderSort2 (0ms)
		AwakeInstancesAfterBackupRestoration (0ms)
[Licensing::Client] Successfully resolved entitlement details
Application.AssetDatabase Initial Refresh Start
[Package Manager] Restoring resolved packages state from cache
[Licensing::Client] Successfully resolved entitlement details
[Package Manager] Registered 57 packages:
  Packages from [https://packages.unity.com]:
    com.unity.ai.navigation@2.0.12 (location: C:\Users\faust\Desktop\Game dev\Projects\Augmentra\Library\PackageCache\com.unity.ai.navigation@734c2c4c5591)
    com.unity.collab-proxy@2.12.4 (location: C:\Users\faust\Desktop\Game dev\Projects\Augmentra\Library\PackageCache\com.unity.collab-proxy@0b1559bcd34e)
    com.unity.ide.rider@3.0.39 (location: C:\Users\faust\Desktop\Game dev\Projects\Augmentra\Library\PackageCache\com.unity.ide.rider@4504839d03f7)
    com.unity.ide.visualstudio@2.0.27 (location: C:\Users\faust\Desktop\Game dev\Projects\Augmentra\Library\PackageCache\com.unity.ide.visualstudio@dc1ddd4f09b6)
    com.unity.inputsystem@1.19.0 (location: C:\Users\faust\Desktop\Game dev\Projects\Augmentra\Library\PackageCache\com.unity.inputsystem@21a28c3a6c83)
    com.unity.timeline@1.8.12 (location: C:\Users\faust\Desktop\Game dev\Projects\Augmentra\Library\PackageCache\com.unity.timeline@8cd8509afae5)
    com.unity.visualscripting@1.9.11 (location: C:\Users\faust\Desktop\Game dev\Projects\Augmentra\Library\PackageCache\com.unity.visualscripting@8bed5ad90189)
    com.unity.searcher@4.9.3 (location: C:\Users\faust\Desktop\Game dev\Projects\Augmentra\Library\PackageCache\com.unity.searcher@1e17ce91558d)
    com.unity.burst@1.8.29 (location: C:\Users\faust\Desktop\Game dev\Projects\Augmentra\Library\PackageCache\com.unity.burst@6bb9aca3ef38)
    com.unity.mathematics@1.3.2 (location: C:\Users\faust\Desktop\Game dev\Projects\Augmentra\Library\PackageCache\com.unity.mathematics@8017b507cc74)
    com.unity.collections@2.6.5 (location: C:\Users\faust\Desktop\Game dev\Projects\Augmentra\Library\PackageCache\com.unity.collections@12999e356c23)
    com.unity.nuget.mono-cecil@1.11.6 (location: C:\Users\faust\Desktop\Game dev\Projects\Augmentra\Library\PackageCache\com.unity.nuget.mono-cecil@ecb9724e46ff)
    com.unity.test-framework.performance@3.4.0 (location: C:\Users\faust\Desktop\Game dev\Projects\Augmentra\Library\PackageCache\com.unity.test-framework.performance@aa81a99c4a75)
  Built-in packages:
    com.unity.2d.sprite@1.0.0 (location: C:\Users\faust\Desktop\Game dev\Projects\Augmentra\Library\PackageCache\com.unity.2d.sprite@0eb6ea2c7181)
    com.unity.multiplayer.center@1.0.0 (location: C:\Users\faust\Desktop\Game dev\Projects\Augmentra\Library\PackageCache\com.unity.multiplayer.center@f3fb577b3546)
    com.unity.render-pipelines.universal@17.0.4 (location: C:\Users\faust\Desktop\Game dev\Projects\Augmentra\Library\PackageCache\com.unity.render-pipelines.universal@28ea0a0a8ae3)
    com.unity.test-framework@1.6.0 (location: C:\Users\faust\Desktop\Game dev\Projects\Augmentra\Library\PackageCache\com.unity.test-framework@082c24152fd4)
    com.unity.ugui@2.0.0 (location: C:\Users\faust\Desktop\Game dev\Projects\Augmentra\Library\PackageCache\com.unity.ugui@47e51ce530b9)
    com.unity.modules.accessibility@1.0.0 (location: C:\Users\faust\Desktop\Game dev\Projects\Augmentra\Library\PackageCache\com.unity.modules.accessibility)
    com.unity.modules.ai@1.0.0 (location: C:\Users\faust\Desktop\Game dev\Projects\Augmentra\Library\PackageCache\com.unity.modules.ai)
    com.unity.modules.androidjni@1.0.0 (location: C:\Users\faust\Desktop\Game dev\Projects\Augmentra\Library\PackageCache\com.unity.modules.androidjni)
    com.unity.modules.animation@1.0.0 (location: C:\Users\faust\Desktop\Game dev\Projects\Augmentra\Library\PackageCache\com.unity.modules.animation)
    com.unity.modules.assetbundle@1.0.0 (location: C:\Users\faust\Desktop\Game dev\Projects\Augmentra\Library\PackageCache\com.unity.modules.assetbundle)
    com.unity.modules.audio@1.0.0 (location: C:\Users\faust\Desktop\Game dev\Projects\Augmentra\Library\PackageCache\com.unity.modules.audio)
    com.unity.modules.cloth@1.0.0 (location: C:\Users\faust\Desktop\Game dev\Projects\Augmentra\Library\PackageCache\com.unity.modules.cloth)
    com.unity.modules.director@1.0.0 (location: C:\Users\faust\Desktop\Game dev\Projects\Augmentra\Library\PackageCache\com.unity.modules.director)
    com.unity.modules.imageconversion@1.0.0 (location: C:\Users\faust\Desktop\Game dev\Projects\Augmentra\Library\PackageCache\com.unity.modules.imageconversion)
    com.unity.modules.imgui@1.0.0 (location: C:\Users\faust\Desktop\Game dev\Projects\Augmentra\Library\PackageCache\com.unity.modules.imgui)
    com.unity.modules.jsonserialize@1.0.0 (location: C:\Users\faust\Desktop\Game dev\Projects\Augmentra\Library\PackageCache\com.unity.modules.jsonserialize)
    com.unity.modules.particlesystem@1.0.0 (location: C:\Users\faust\Desktop\Game dev\Projects\Augmentra\Library\PackageCache\com.unity.modules.particlesystem)
    com.unity.modules.physics@1.0.0 (location: C:\Users\faust\Desktop\Game dev\Projects\Augmentra\Library\PackageCache\com.unity.modules.physics)
    com.unity.modules.physics2d@1.0.0 (location: C:\Users\faust\Desktop\Game dev\Projects\Augmentra\Library\PackageCache\com.unity.modules.physics2d)
    com.unity.modules.screencapture@1.0.0 (location: C:\Users\faust\Desktop\Game dev\Projects\Augmentra\Library\PackageCache\com.unity.modules.screencapture)
    com.unity.modules.terrain@1.0.0 (location: C:\Users\faust\Desktop\Game dev\Projects\Augmentra\Library\PackageCache\com.unity.modules.terrain)
    com.unity.modules.terrainphysics@1.0.0 (location: C:\Users\faust\Desktop\Game dev\Projects\Augmentra\Library\PackageCache\com.unity.modules.terrainphysics)
    com.unity.modules.tilemap@1.0.0 (location: C:\Users\faust\Desktop\Game dev\Projects\Augmentra\Library\PackageCache\com.unity.modules.tilemap)
    com.unity.modules.ui@1.0.0 (location: C:\Users\faust\Desktop\Game dev\Projects\Augmentra\Library\PackageCache\com.unity.modules.ui)
    com.unity.modules.uielements@1.0.0 (location: C:\Users\faust\Desktop\Game dev\Projects\Augmentra\Library\PackageCache\com.unity.modules.uielements)
    com.unity.modules.umbra@1.0.0 (location: C:\Users\faust\Desktop\Game dev\Projects\Augmentra\Library\PackageCache\com.unity.modules.umbra)
    com.unity.modules.unityanalytics@1.0.0 (location: C:\Users\faust\Desktop\Game dev\Projects\Augmentra\Library\PackageCache\com.unity.modules.unityanalytics)
    com.unity.modules.unitywebrequest@1.0.0 (location: C:\Users\faust\Desktop\Game dev\Projects\Augmentra\Library\PackageCache\com.unity.modules.unitywebrequest)
    com.unity.modules.unitywebrequestassetbundle@1.0.0 (location: C:\Users\faust\Desktop\Game dev\Projects\Augmentra\Library\PackageCache\com.unity.modules.unitywebrequestassetbundle)
    com.unity.modules.unitywebrequestaudio@1.0.0 (location: C:\Users\faust\Desktop\Game dev\Projects\Augmentra\Library\PackageCache\com.unity.modules.unitywebrequestaudio)
    com.unity.modules.unitywebrequesttexture@1.0.0 (location: C:\Users\faust\Desktop\Game dev\Projects\Augmentra\Library\PackageCache\com.unity.modules.unitywebrequesttexture)
    com.unity.modules.unitywebrequestwww@1.0.0 (location: C:\Users\faust\Desktop\Game dev\Projects\Augmentra\Library\PackageCache\com.unity.modules.unitywebrequestwww)
    com.unity.modules.vehicles@1.0.0 (location: C:\Users\faust\Desktop\Game dev\Projects\Augmentra\Library\PackageCache\com.unity.modules.vehicles)
    com.unity.modules.video@1.0.0 (location: C:\Users\faust\Desktop\Game dev\Projects\Augmentra\Library\PackageCache\com.unity.modules.video)
    com.unity.modules.vr@1.0.0 (location: C:\Users\faust\Desktop\Game dev\Projects\Augmentra\Library\PackageCache\com.unity.modules.vr)
    com.unity.modules.wind@1.0.0 (location: C:\Users\faust\Desktop\Game dev\Projects\Augmentra\Library\PackageCache\com.unity.modules.wind)
    com.unity.modules.xr@1.0.0 (location: C:\Users\faust\Desktop\Game dev\Projects\Augmentra\Library\PackageCache\com.unity.modules.xr)
    com.unity.modules.subsystems@1.0.0 (location: C:\Users\faust\Desktop\Game dev\Projects\Augmentra\Library\PackageCache\com.unity.modules.subsystems)
    com.unity.modules.hierarchycore@1.0.0 (location: C:\Users\faust\Desktop\Game dev\Projects\Augmentra\Library\PackageCache\com.unity.modules.hierarchycore)
    com.unity.ext.nunit@2.0.5 (location: C:\Users\faust\Desktop\Game dev\Projects\Augmentra\Library\PackageCache\com.unity.ext.nunit@031a54704bff)
    com.unity.render-pipelines.core@17.0.4 (location: C:\Users\faust\Desktop\Game dev\Projects\Augmentra\Library\PackageCache\com.unity.render-pipelines.core@d7b87cecdab8)
    com.unity.shadergraph@17.0.4 (location: C:\Users\faust\Desktop\Game dev\Projects\Augmentra\Library\PackageCache\com.unity.shadergraph@bff931d63a7a)
    com.unity.render-pipelines.universal-config@17.0.3 (location: C:\Users\faust\Desktop\Game dev\Projects\Augmentra\Library\PackageCache\com.unity.render-pipelines.universal-config@dd206bf35d04)
    com.unity.rendering.light-transport@1.0.1 (location: C:\Users\faust\Desktop\Game dev\Projects\Augmentra\Library\PackageCache\com.unity.rendering.light-transport@9bd588f963c0)
[Subsystems] No new subsystems found in resolved package list.
[Package Manager] Done registering packages in 0.02 seconds
info: Microsoft.Hosting.Lifetime[14]
      Now listening on: http://localhost:80
info: Microsoft.Hosting.Lifetime[0]
      Application started. Press Ctrl+C to shut down.
info: Microsoft.Hosting.Lifetime[0]
      Hosting environment: Production
info: Microsoft.Hosting.Lifetime[0]
      Content root path: C:\Users\faust\Desktop\Game dev\Projects\Augmentra\
info: Microsoft.AspNetCore.Hosting.Diagnostics[1]
      Request starting HTTP/2 POST http://ilpp/UnityILPP.PostProcessing/Ping application/grpc -
info: Microsoft.AspNetCore.Routing.EndpointMiddleware[0]
      Executing endpoint 'gRPC - /UnityILPP.PostProcessing/Ping'
info: Microsoft.AspNetCore.Routing.EndpointMiddleware[1]
      Executed endpoint 'gRPC - /UnityILPP.PostProcessing/Ping'
info: Microsoft.AspNetCore.Hosting.Diagnostics[2]
      Request finished HTTP/2 POST http://ilpp/UnityILPP.PostProcessing/Ping application/grpc - - 200 - application/grpc 34.4888ms
Starting: C:\Program Files\Unity\Hub\Editor\6000.0.74f1\Editor\Data\bee_backend.exe --ipc --defer-dag-verification --dagfile="Library/Bee/1900b0aE.dag" --continue-on-failure --profile="Library/Bee/backend1.traceevents" ScriptAssemblies
WorkingDir: C:/Users/faust/Desktop/Game dev/Projects/Augmentra
DisplayProgressbar: Compiling Scripts
info: Microsoft.AspNetCore.Hosting.Diagnostics[1]
      Request starting HTTP/2 POST http://ilpp/UnityILPP.PostProcessing/ConfigurePostProcessors application/grpc -
info: Microsoft.AspNetCore.Routing.EndpointMiddleware[0]
      Executing endpoint 'gRPC - /UnityILPP.PostProcessing/ConfigurePostProcessors'
warn: Unity.ILPP.Runner.PostProcessingAssemblyLoadContext[0]
      Assembly system.runtime.interopservices.windowsruntime has duplicate hint path. Ignoring "C:\Program Files\Unity\Hub\Editor\6000.0.74f1\Editor\Data\UnityReferenceAssemblies\unity-4.8-api\Facades\System.Runtime.InteropServices.WindowsRuntime.dll" in favor of "C:\Program Files\Unity\Hub\Editor\6000.0.74f1\Editor\Data\NetStandard\Extensions\2.0.0\System.Runtime.InteropServices.WindowsRuntime.dll"
warn: Unity.ILPP.Runner.PostProcessingAssemblyLoadContext[0]
      Assembly system.componentmodel.composition has duplicate hint path. Ignoring "C:\Program Files\Unity\Hub\Editor\6000.0.74f1\Editor\Data\UnityReferenceAssemblies\unity-4.8-api\System.ComponentModel.Composition.dll" in favor of "C:\Program Files\Unity\Hub\Editor\6000.0.74f1\Editor\Data\NetStandard\compat\2.1.0\shims\netfx\System.ComponentModel.Composition.dll"
info: Unity.ILPP.Runner.PostProcessingAssemblyLoadContext[0]
      Resolved Unity.Burst.Cecil, Version=0.11.6.0, Culture=neutral, PublicKeyToken=50cebf1cceb9d05e with Library\PackageCache\com.unity.burst@6bb9aca3ef38\Unity.Burst.CodeGen\Unity.Burst.Cecil.dll
info: Unity.ILPP.Runner.PostProcessingAssemblyLoadContext[0]
      Resolved Mono.Cecil, Version=0.11.5.0, Culture=neutral, PublicKeyToken=50cebf1cceb9d05e with Library\PackageCache\com.unity.nuget.mono-cecil@ecb9724e46ff\Mono.Cecil.dll
info: Microsoft.AspNetCore.Routing.EndpointMiddleware[1]
      Executed endpoint 'gRPC - /UnityILPP.PostProcessing/ConfigurePostProcessors'
info: Microsoft.AspNetCore.Hosting.Diagnostics[2]
      Request finished HTTP/2 POST http://ilpp/UnityILPP.PostProcessing/ConfigurePostProcessors application/grpc - - 200 - application/grpc 52.1635ms
Starting: C:\Program Files\Unity\Hub\Editor\6000.0.74f1\Editor\Data\Tools\netcorerun\netcorerun.exe "C:\Program Files\Unity\Hub\Editor\6000.0.74f1\Editor\Data\Tools\BuildPipeline\ScriptCompilationBuildProgram.exe" "Library/Bee/1900b0aE.dag.json" "Library/Bee/1900b0aE-inputdata.json" "Library\Bee\buildprogram0.traceevents"
WorkingDir: C:/Users/faust/Desktop/Game dev/Projects/Augmentra
ExitCode: 4 Duration: 0s259ms
Rebuilding DAG because FileSignature timestamp changed: Library/Bee/1900b0aE-inputdata.json
[654/832    0s] ILPP-Configuration Library/ilpp-configuration.nevergeneratedoutput
*** Tundra requires additional run (0.23 seconds), 1 items updated, 653 evaluated
ExitCode: 0 Duration: 0s585ms
Starting: C:\Program Files\Unity\Hub\Editor\6000.0.74f1\Editor\Data\bee_backend.exe --ipc --defer-dag-verification --dagfile="Library/Bee/1900b0aE.dag" --continue-on-failure --dagfilejson="Library\Bee\1900b0aE.dag.json" --profile="Library/Bee/backend2.traceevents" ScriptAssemblies
WorkingDir: C:/Users/faust/Desktop/Game dev/Projects/Augmentra
info: Microsoft.AspNetCore.Hosting.Diagnostics[1]
      Request starting HTTP/2 POST http://ilpp/UnityILPP.PostProcessing/ConfigurePostProcessors application/grpc -
info: Microsoft.AspNetCore.Routing.EndpointMiddleware[0]
      Executing endpoint 'gRPC - /UnityILPP.PostProcessing/ConfigurePostProcessors'
info: Unity.ILPP.Runner.PostProcessingAssemblyLoadContext[0]
      Current configuration matches the requested one, skipping
info: Microsoft.AspNetCore.Routing.EndpointMiddleware[1]
      Executed endpoint 'gRPC - /UnityILPP.PostProcessing/ConfigurePostProcessors'
info: Microsoft.AspNetCore.Hosting.Diagnostics[2]
      Request finished HTTP/2 POST http://ilpp/UnityILPP.PostProcessing/ConfigurePostProcessors application/grpc - - 200 - application/grpc 1.2465ms
ExitCode: 0 Duration: 0s377ms
Finished compiling graph: 836 nodes, 14303 flattened edges (11767 ToBuild, 130 ToUse), maximum node priority 884
[654/832    0s] ILPP-Configuration Library/ilpp-configuration.nevergeneratedoutput
*** Tundra build success (0.35 seconds), 1 items updated, 832 evaluated
AssetDatabase: script compilation time: 1.662733s
Begin MonoManager ReloadAssembly
- Loaded All Assemblies, in  0.783 seconds
Refreshing native plugins compatible for Editor in 2.24 ms, found 4 plugins.
Native extension for WindowsStandalone target not found
Refreshing native plugins compatible for Editor in 3.16 ms, found 4 plugins.
Mono: successfully reloaded assembly
- Finished resetting the current domain, in  2.420 seconds
Domain Reload Profiling: 3198ms
	BeginReloadAssembly (256ms)
		ExecutionOrderSort (0ms)
		DisableScriptedObjects (9ms)
		BackupInstance (0ms)
		ReleaseScriptingObjects (0ms)
		CreateAndSetChildDomain (135ms)
	RebuildCommonClasses (29ms)
	RebuildNativeTypeToScriptingClass (9ms)
	initialDomainReloadingComplete (28ms)
	LoadAllAssembliesAndSetupDomain (456ms)
		LoadAssemblies (319ms)
		RebuildTransferFunctionScriptingTraits (0ms)
		AnalyzeDomain (217ms)
			TypeCache.Refresh (150ms)
				TypeCache.ScanAssembly (141ms)
			BuildScriptInfoCaches (55ms)
			ResolveRequiredComponents (9ms)
	FinalizeReload (2421ms)
		ReleaseScriptCaches (0ms)
		RebuildScriptCaches (0ms)
		SetupLoadedEditorAssemblies (2234ms)
			LogAssemblyErrors (0ms)
			InitializePlatformSupportModulesInManaged (12ms)
			SetLoadedEditorAssemblies (4ms)
			BeforeProcessingInitializeOnLoad (131ms)
			ProcessInitializeOnLoadAttributes (2033ms)
			ProcessInitializeOnLoadMethodAttributes (49ms)
			AfterProcessingInitializeOnLoad (6ms)
			EditorAssembliesLoaded (0ms)
		ExecutionOrderSort2 (0ms)
		AwakeInstancesAfterBackupRestoration (10ms)
Asset Pipeline Refresh (id=6576f00040e21654186b8651ee0a13f9): Total: 5.526 seconds - Initiated by InitialRefreshV2(ForceSynchronousImport)
	Summary:
		Imports: total=0 (actual=0, local cache=0, cache server=0)
		Asset DB Process Time: managed=0 ms, native=2958 ms
		Asset DB Callback time: managed=42 ms, native=26 ms
		Scripting: domain reloads=1, domain reload time=783 ms, compile time=1664 ms, other=50 ms
		Project Asset Count: scripts=1298, non-scripts=2265
		Asset File Changes: new=0, changed=0, moved=0, deleted=0
		Scan Filter Count: 0
	InvokeCustomDependenciesCallbacks: 0.001ms
	InvokePackagesCallback: 28.999ms
	ApplyChangesToAssetFolders: 0.674ms
	Scan: 214.724ms
	OnSourceAssetsModified: 0.021ms
	CategorizeAssetsWithTransientArtifact: 58.187ms
	ProcessAssetsWithTransientArtifactChanges: 63.556ms
	CategorizeAssets: 42.333ms
	ImportOutOfDateAssets: 2433.184ms (766.977ms without children)
		CompileScripts: 1664.081ms
		ReloadNativeAssets: 0.023ms
		UnloadImportedAssets: 0.892ms
		EnsureUptoDateAssetsAreRegisteredWithGuidPM: 0.796ms
		InitializingProgressBar: 0.000ms
		PostProcessAllAssetNotificationsAddChangedAssets: 0.000ms
		OnDemandSchedulerStart: 0.415ms
	PostProcessAllAssets: 42.777ms
	GatherAllCurrentPrimaryArtifactRevisions: 0.004ms
	UnloadStreamsBegin: 1.937ms
	PersistCurrentRevisions: 0.102ms
	UnloadStreamsEnd: 0.001ms
	GenerateScriptTypeHashes: 2.713ms
	Untracked: 2639.674ms

Application.AssetDatabase Initial Refresh End
Scanning for USB devices : 17.482ms
Initializing Unity extensions:
[MODES] ModeService[none].Initialize
[MODES] ModeService[none].LoadModes
[MODES] Loading mode Default (0) for mode-current-id-Augmentra
Unloading 16 Unused Serialized files (Serialized files now loaded: 0)
Unloading 6444 unused Assets / (6.6 MB). Loaded Objects now: 7167.
Memory consumption went from 186.6 MB to 180.0 MB.
Total: 13.848900 ms (FindLiveObjects: 0.609000 ms CreateObjectMapping: 4.957100 ms MarkObjects: 6.175200 ms  DeleteObjects: 2.106000 ms)

DisplayProgressbar: Augmentra UI Setup
Opening scene 'Assets/Scenes/MainMenu.unity'
Unloading 6 Unused Serialized files (Serialized files now loaded: 0)
Loaded scene 'Assets/Scenes/MainMenu.unity'
	Deserialize:            40.467 ms
	Integration:            245.819 ms
	Integration of assets:  0.760 ms
	Thread Wait Time:       0.015 ms
	Total Operation Time:   287.062 ms
Unloading 2 unused Assets / (Unknown). Loaded Objects now: 7640.
Memory consumption went from 176.5 MB to 178.5 MB.
Total: 7.597300 ms (FindLiveObjects: 0.607800 ms CreateObjectMapping: 0.507800 ms MarkObjects: 6.451400 ms  DeleteObjects: 0.029600 ms)

Start importing Assets/Scenes/MainMenu.unity using Guid(9275f51e8c1a6d24c8a5d898cbf705bc) (DefaultImporter) -> (artifact id: 'b8eb387f1a01e00ba485f062e640a57b') in 0.0058972 seconds
Refreshing native plugins compatible for Editor in 2.23 ms, found 4 plugins.
Preloading 0 native plugins for Editor in 0.00 ms.
Asset Pipeline Refresh (id=46c2db104bff8c64f9bfba38147ea7ed): Total: 0.179 seconds - Initiated by StopAssetImportingV2(NoUpdateAssetOptions)
Opening scene 'Assets/Scenes/SampleScene.unity'
Unloading 18 Unused Serialized files (Serialized files now loaded: 0)
Loaded scene 'Assets/Scenes/SampleScene.unity'
	Deserialize:            63.547 ms
	Integration:            226.622 ms
	Integration of assets:  1.367 ms
	Thread Wait Time:       0.015 ms
	Total Operation Time:   291.551 ms
Unloading 25 unused Assets / (13.0 KB). Loaded Objects now: 8039.
Memory consumption went from 188.1 MB to 188.0 MB.
Total: 7.784600 ms (FindLiveObjects: 0.398400 ms CreateObjectMapping: 0.296500 ms MarkObjects: 6.994200 ms  DeleteObjects: 0.095000 ms)

Start importing Assets/Scenes/SampleScene.unity using Guid(99c9720ab356a0642a771bea13969a05) (DefaultImporter) -> (artifact id: '76ecf38ee5e98a4bc646088fc05d6dd3') in 0.0009594 seconds
Refreshing native plugins compatible for Editor in 2.79 ms, found 4 plugins.
Preloading 0 native plugins for Editor in 0.00 ms.
Asset Pipeline Refresh (id=27e7001919f3683409410aa751053982): Total: 0.039 seconds - Initiated by StopAssetImportingV2(NoUpdateAssetOptions)
Augmentra settings and pause UI setup complete. MainMenu now has Settings/Quit, and SampleScene has the Escape pause menu. The command is safe to run again; it replaces only roots prefixed with '__Augmentra'.
UnityEngine.Debug:ExtractStackTraceNoAlloc (byte*,int,string)
UnityEngine.StackTraceUtility:ExtractStackTrace ()
UnityEngine.DebugLogHandler:Internal_Log (UnityEngine.LogType,UnityEngine.LogOption,string,UnityEngine.Object)
UnityEngine.DebugLogHandler:LogFormat (UnityEngine.LogType,UnityEngine.Object,string,object[])
UnityEngine.Logger:Log (UnityEngine.LogType,object)
UnityEngine.Debug:Log (object)
SettingsAndPauseUISetup:Setup () (at Assets/Project/Scripts/Editor/SettingsAndPauseUISetup.cs:88)
AutomatedBuildRunner:RunAll () (at Assets/Project/Scripts/Editor/AutomatedBuildRunner.cs:16)

(Filename: Assets/Project/Scripts/Editor/SettingsAndPauseUISetup.cs Line: 88)

Opening scene 'Assets/Scenes/SampleScene.unity'
Unloading 11 Unused Serialized files (Serialized files now loaded: 0)
Loaded scene 'Assets/Scenes/SampleScene.unity'
	Deserialize:            26.380 ms
	Integration:            211.859 ms
	Integration of assets:  0.006 ms
	Thread Wait Time:       0.013 ms
	Total Operation Time:   238.257 ms
Unloading 25 unused Assets / (13.1 KB). Loaded Objects now: 8039.
Memory consumption went from 187.6 MB to 187.6 MB.
Total: 7.762000 ms (FindLiveObjects: 0.472600 ms CreateObjectMapping: 0.362600 ms MarkObjects: 6.845600 ms  DeleteObjects: 0.080700 ms)

Cancelling DisplayDialog: Build Game Over UI Game Over UI built and wired.

GameOverUI added with panel, stats text and Restart/Main Menu buttons assigned.

Save the scene (Ctrl+S) to keep it.
This should not be called in batch mode.
UnityEngine.Debug:ExtractStackTraceNoAlloc (byte*,int,string)
UnityEngine.StackTraceUtility:ExtractStackTrace ()
UnityEditor.EditorUtility:DisplayDialogImpl (string,string,string,string)
UnityEditor.EditorUtility:DisplayDialog (string,string,string,string)
UnityEditor.EditorUtility:DisplayDialog (string,string,string)
GameOverUIBuilder:Build () (at Assets/Project/Scripts/Editor/GameOverUIBuilder.cs:84)
AutomatedBuildRunner:RunInScene (string,System.Action) (at Assets/Project/Scripts/Editor/AutomatedBuildRunner.cs:34)
AutomatedBuildRunner:RunAll () (at Assets/Project/Scripts/Editor/AutomatedBuildRunner.cs:17)

[Assets/Project/Scripts/Editor/GameOverUIBuilder.cs line 84]

Start importing Assets/Scenes/SampleScene.unity using Guid(99c9720ab356a0642a771bea13969a05) (DefaultImporter) -> (artifact id: '7083ffd5978b4729aeb90466623ff165') in 0.0011637 seconds
Refreshing native plugins compatible for Editor in 2.29 ms, found 4 plugins.
Preloading 0 native plugins for Editor in 0.00 ms.
Asset Pipeline Refresh (id=27144890c6cdb7c4abdb8c44bce97d13): Total: 0.041 seconds - Initiated by StopAssetImportingV2(NoUpdateAssetOptions)
Opening scene 'Assets/Scenes/SampleScene.unity'
Unloading 11 Unused Serialized files (Serialized files now loaded: 0)
Loaded scene 'Assets/Scenes/SampleScene.unity'
	Deserialize:            15.671 ms
	Integration:            200.044 ms
	Integration of assets:  0.003 ms
	Thread Wait Time:       0.022 ms
	Total Operation Time:   215.740 ms
Unloading 25 unused Assets / (27.5 KB). Loaded Objects now: 8042.
Memory consumption went from 187.6 MB to 187.6 MB.
Total: 7.425500 ms (FindLiveObjects: 0.400000 ms CreateObjectMapping: 0.386100 ms MarkObjects: 6.556300 ms  DeleteObjects: 0.082700 ms)

Start importing Assets/Prefabs/AugmentCard.prefab using Guid(69b9d828d4047394db75cbbe3cb9d572) (PrefabImporter) -> (artifact id: '8971742b1cd84091dc1036e600788130') in 0.0195988 seconds
Refreshing native plugins compatible for Editor in 2.15 ms, found 4 plugins.
Preloading 0 native plugins for Editor in 0.00 ms.
Asset Pipeline Refresh (id=22af82f9ffa2cf841a005da022bbd096): Total: 0.074 seconds - Initiated by StopAssetImportingV2(NoUpdateAssetOptions)
Cancelling DisplayDialog: Build Augment UI Augment UI built and wired.

Canvas + overlay created, AugmentCard.prefab saved, AugmentManager added and all fields assigned.

Save the scene (Ctrl+S) to keep it.
This should not be called in batch mode.
UnityEngine.Debug:ExtractStackTraceNoAlloc (byte*,int,string)
UnityEngine.StackTraceUtility:ExtractStackTrace ()
UnityEditor.EditorUtility:DisplayDialogImpl (string,string,string,string)
UnityEditor.EditorUtility:DisplayDialog (string,string,string,string)
UnityEditor.EditorUtility:DisplayDialog (string,string,string)
AugmentUIBuilder:Build () (at Assets/Project/Scripts/Editor/AugmentUIBuilder.cs:103)
AutomatedBuildRunner:RunInScene (string,System.Action) (at Assets/Project/Scripts/Editor/AutomatedBuildRunner.cs:34)
AutomatedBuildRunner:RunAll () (at Assets/Project/Scripts/Editor/AutomatedBuildRunner.cs:18)

[Assets/Project/Scripts/Editor/AugmentUIBuilder.cs line 103]

Start importing Assets/Scenes/SampleScene.unity using Guid(99c9720ab356a0642a771bea13969a05) (DefaultImporter) -> (artifact id: 'b7c08af96414ddf9ddcd9677671c21a9') in 0.0008688 seconds
Refreshing native plugins compatible for Editor in 2.03 ms, found 4 plugins.
Preloading 0 native plugins for Editor in 0.00 ms.
Asset Pipeline Refresh (id=76f4d010fa8c60e41b79023105649e2b): Total: 0.030 seconds - Initiated by StopAssetImportingV2(NoUpdateAssetOptions)
Start importing Assets/Prefabs/ShopCanvas.prefab using Guid(b1df75557f771274fbfdd90f78e20ed8) (PrefabImporter) -> (artifact id: 'a9b2722509b270fa79b6c431c9bdc68b') in 0.0217589 seconds
Refreshing native plugins compatible for Editor in 1.98 ms, found 4 plugins.
Preloading 0 native plugins for Editor in 0.00 ms.
Asset Pipeline Refresh (id=15a48ca5f70d3604398a8939c1be5218): Total: 0.057 seconds - Initiated by StopAssetImportingV2(NoUpdateAssetOptions)
Asset Pipeline Refresh (id=2f9e3eeabeb478849ae2b3682e5e2b0e): Total: 0.011 seconds - Initiated by RefreshV2(NoUpdateAssetOptions)
ShopCanvas prefab built at Assets/Prefabs/ShopCanvas.prefab
UnityEngine.Debug:ExtractStackTraceNoAlloc (byte*,int,string)
UnityEngine.StackTraceUtility:ExtractStackTrace ()
UnityEngine.DebugLogHandler:Internal_Log (UnityEngine.LogType,UnityEngine.LogOption,string,UnityEngine.Object)
UnityEngine.DebugLogHandler:LogFormat (UnityEngine.LogType,UnityEngine.Object,string,object[])
UnityEngine.Logger:Log (UnityEngine.LogType,object)
UnityEngine.Debug:Log (object)
ShopCanvasBuilder:Build () (at Assets/Project/Scripts/Editor/ShopCanvasBuilder.cs:74)
AutomatedBuildRunner:RunAll () (at Assets/Project/Scripts/Editor/AutomatedBuildRunner.cs:19)

(Filename: Assets/Project/Scripts/Editor/ShopCanvasBuilder.cs Line: 74)

AutomatedBuildRunner: all builder tools ran and saved successfully.
UnityEngine.Debug:ExtractStackTraceNoAlloc (byte*,int,string)
UnityEngine.StackTraceUtility:ExtractStackTrace ()
UnityEngine.DebugLogHandler:Internal_Log (UnityEngine.LogType,UnityEngine.LogOption,string,UnityEngine.Object)
UnityEngine.DebugLogHandler:LogFormat (UnityEngine.LogType,UnityEngine.Object,string,object[])
UnityEngine.Logger:Log (UnityEngine.LogType,object)
UnityEngine.Debug:Log (object)
AutomatedBuildRunner:RunAll () (at Assets/Project/Scripts/Editor/AutomatedBuildRunner.cs:21)

(Filename: Assets/Project/Scripts/Editor/AutomatedBuildRunner.cs Line: 21)

Batchmode quit successfully invoked - shutting down!
[Physics::Module] Cleanup current backned.
[Physics::Module] Id: 0xf2b8ea05
Input System module state changed to: ShutdownInProgress.
Input System polling thread exited.
Input System module state changed to: Shutdown.
[Licensing::IpcConnector] LicenseClient-faust-notifications channel disconnected successfully.
[Licensing::IpcConnector] LicenseClient-faust channel disconnected successfully.
AcceleratorClientConnectionCallback - disconnected - :0
Cleanup mono
abort_threads: Failed aborting id: 0000000000003480, mono_thread_manage will ignore it

abort_threads: Failed aborting id: 0000000000001D0C, mono_thread_manage will ignore it

abort_threads: Failed aborting id: 0000000000003480, mono_thread_manage will ignore it

abort_threads: Failed aborting id: 0000000000001D0C, mono_thread_manage will ignore it

debugger-agent: Unable to listen on 3300
Exiting batchmode successfully now!
Exiting without the bug reporter. Application will terminate with return code 0